EN neander NULL C:/Users/beck/projects/neander-vhdl/placa1/neander.vhd sub00/vhpl02 1690333804
EN mem1 NULL C:/Users/beck/projects/neander-vhdl/placa1/ipcore_dir/mem1.vhd sub00/vhpl00 1690333802
AR neander behavioral C:/Users/beck/projects/neander-vhdl/placa1/neander.vhd sub00/vhpl03 1690333805
AR mem1 mem1_a C:/Users/beck/projects/neander-vhdl/placa1/ipcore_dir/mem1.vhd sub00/vhpl01 1690333803
