EN neander NULL C:/Users/beck/projects/neander-vhdl/placa1/neander.vhd sub00/vhpl02 1690504812
EN mem1 NULL C:/Users/beck/projects/neander-vhdl/placa1/ipcore_dir/mem1.vhd sub00/vhpl00 1690504810
AR neander behavioral C:/Users/beck/projects/neander-vhdl/placa1/neander.vhd sub00/vhpl03 1690504813
AR mem1 mem1_a C:/Users/beck/projects/neander-vhdl/placa1/ipcore_dir/mem1.vhd sub00/vhpl01 1690504811
