V3 9
FL C:/Users/beck/projects/neander-vhdl/placa1/ipcore_dir/mem1.vhd 2023/07/25.22:07:39 P.20131013
EN work/mem1 1690335278 \
      FL C:/Users/beck/projects/neander-vhdl/placa1/ipcore_dir/mem1.vhd \
      PB ieee/std_logic_1164 1381692176
AR work/mem1/mem1_a 1690335279 \
      FL C:/Users/beck/projects/neander-vhdl/placa1/ipcore_dir/mem1.vhd \
      EN work/mem1 1690335278
FL C:/Users/beck/projects/neander-vhdl/placa1/neander.vhd 2023/07/25.22:32:57 P.20131013
EN work/neander 1690335280 \
      FL C:/Users/beck/projects/neander-vhdl/placa1/neander.vhd \
      PB ieee/std_logic_1164 1381692176 PB ieee/NUMERIC_STD 1381692181
AR work/neander/Behavioral 1690335281 \
      FL C:/Users/beck/projects/neander-vhdl/placa1/neander.vhd EN work/neander 1690335280 \
      CP mem1
FL C:/Users/beck/projects/placa1/ipcore_dir/mem1.vhd 2023/07/25.09:29:07 P.20131013
FL C:/Users/beck/projects/placa1/neander.vhd 2023/07/25.21:06:39 P.20131013
