Release 14.7 - xst P.20131013 (nt64)
Copyright (c) 1995-2013 Xilinx, Inc.  All rights reserved.
--> Parameter TMPDIR set to xst/projnav.tmp


Total REAL time to Xst completion: 0.00 secs
Total CPU time to Xst completion: 0.15 secs
 
--> Parameter xsthdpdir set to xst


Total REAL time to Xst completion: 0.00 secs
Total CPU time to Xst completion: 0.15 secs
 
--> Reading design: neander.prj

TABLE OF CONTENTS
  1) Synthesis Options Summary
  2) HDL Compilation
  3) Design Hierarchy Analysis
  4) HDL Analysis
  5) HDL Synthesis
     5.1) HDL Synthesis Report
  6) Advanced HDL Synthesis
     6.1) Advanced HDL Synthesis Report
  7) Low Level Synthesis
  8) Partition Report
  9) Final Report
	9.1) Device utilization summary
	9.2) Partition Resource Summary
	9.3) TIMING REPORT


=========================================================================
*                      Synthesis Options Summary                        *
=========================================================================
---- Source Parameters
Input File Name                    : "neander.prj"
Input Format                       : mixed
Ignore Synthesis Constraint File   : NO

---- Target Parameters
Output File Name                   : "neander"
Output Format                      : NGC
Target Device                      : xc3s100e-5-vq100

---- Source Options
Top Module Name                    : neander
Automatic FSM Extraction           : YES
FSM Encoding Algorithm             : Auto
Safe Implementation                : No
FSM Style                          : LUT
RAM Extraction                     : Yes
RAM Style                          : Auto
ROM Extraction                     : Yes
Mux Style                          : Auto
Decoder Extraction                 : YES
Priority Encoder Extraction        : Yes
Shift Register Extraction          : YES
Logical Shifter Extraction         : YES
XOR Collapsing                     : YES
ROM Style                          : Auto
Mux Extraction                     : Yes
Resource Sharing                   : YES
Asynchronous To Synchronous        : NO
Multiplier Style                   : Auto
Automatic Register Balancing       : No

---- Target Options
Add IO Buffers                     : YES
Global Maximum Fanout              : 100000
Add Generic Clock Buffer(BUFG)     : 24
Register Duplication               : YES
Slice Packing                      : YES
Optimize Instantiated Primitives   : NO
Use Clock Enable                   : Yes
Use Synchronous Set                : Yes
Use Synchronous Reset              : Yes
Pack IO Registers into IOBs        : Auto
Equivalent register Removal        : YES

---- General Options
Optimization Goal                  : Speed
Optimization Effort                : 1
Keep Hierarchy                     : No
Netlist Hierarchy                  : As_Optimized
RTL Output                         : Yes
Global Optimization                : AllClockNets
Read Cores                         : YES
Write Timing Constraints           : NO
Cross Clock Analysis               : NO
Hierarchy Separator                : /
Bus Delimiter                      : <>
Case Specifier                     : Maintain
Slice Utilization Ratio            : 100
BRAM Utilization Ratio             : 100
Verilog 2001                       : YES
Auto BRAM Packing                  : NO
Slice Utilization Ratio Delta      : 5

---- Other Options
Cores Search Directories           : {"ipcore_dir"  }

=========================================================================


=========================================================================
*                          HDL Compilation                              *
=========================================================================
Compiling vhdl file "C:/Users/beck/projects/neander-vhdl/placa1/ipcore_dir/mem1.vhd" in Library work.
Entity <mem1> compiled.
Entity <mem1> (Architecture <mem1_a>) compiled.
Compiling vhdl file "C:/Users/beck/projects/neander-vhdl/placa1/neander.vhd" in Library work.
Architecture behavioral of Entity neander is up to date.

=========================================================================
*                     Design Hierarchy Analysis                         *
=========================================================================
Analyzing hierarchy for entity <neander> in library <work> (architecture <behavioral>).


=========================================================================
*                            HDL Analysis                               *
=========================================================================
Analyzing Entity <neander> in library <work> (Architecture <behavioral>).
WARNING:Xst:2211 - "C:/Users/beck/projects/neander-vhdl/placa1/neander.vhd" line 84: Instantiating black box module <mem1>.
Entity <neander> analyzed. Unit <neander> generated.


=========================================================================
*                           HDL Synthesis                               *
=========================================================================

Performing bidirectional port resolution...

Synthesizing Unit <neander>.
    Related source file is "C:/Users/beck/projects/neander-vhdl/placa1/neander.vhd".
WARNING:Xst:646 - Signal <readMEM> is assigned but never used. This unconnected signal will be trimmed during the optimization process.
    Found finite state machine <FSM_0> for signal <state>.
    -----------------------------------------------------------------------
    | States             | 8                                              |
    | Transitions        | 36                                             |
    | Inputs             | 14                                             |
    | Outputs            | 7                                              |
    | Clock              | clk                       (rising_edge)        |
    | Reset              | rst                       (positive)           |
    | Reset type         | asynchronous                                   |
    | Reset State        | t0                                             |
    | Power Up State     | t0                                             |
    | Encoding           | automatic                                      |
    | Implementation     | LUT                                            |
    -----------------------------------------------------------------------
    Using one-hot encoding for signal <selALU>.
    Found 8-bit register for signal <saidaAC>.
    Found 8-bit addsub for signal <saidaALU$addsub0000>.
    Found 8-bit xor2 for signal <saidaALU$xor0000> created at line 364.
    Found 2-bit register for signal <saidaNZ>.
    Found 8-bit up counter for signal <saidaPC>.
    Found 8-bit register for signal <saidaREM>.
    Found 4-bit register for signal <saidaRI>.
    Summary:
	inferred   1 Finite State Machine(s).
	inferred   1 Counter(s).
	inferred  22 D-type flip-flop(s).
	inferred   1 Adder/Subtractor(s).
Unit <neander> synthesized.

INFO:Xst:1767 - HDL ADVISOR - Resource sharing has identified that some arithmetic operations in this design can share the same physical resources for reduced device utilization. For improved clock frequency you may try to disable resource sharing.

=========================================================================
HDL Synthesis Report

Macro Statistics
# Adders/Subtractors                                   : 1
 8-bit addsub                                          : 1
# Counters                                             : 1
 8-bit up counter                                      : 1
# Registers                                            : 7
 1-bit register                                        : 4
 2-bit register                                        : 1
 8-bit register                                        : 2
# Xors                                                 : 1
 8-bit xor2                                            : 1

=========================================================================

=========================================================================
*                       Advanced HDL Synthesis                          *
=========================================================================

Analyzing FSM <FSM_0> for best encoding.
Optimizing FSM <state/FSM> on signal <state[1:8]> with one-hot encoding.
-------------------
 State | Encoding
-------------------
 t0    | 00000001
 t1    | 00000010
 t2    | 00000100
 t3    | 00001000
 t4    | 00010000
 t5    | 00100000
 t6    | 01000000
 t7    | 10000000
-------------------
Reading core <ipcore_dir/mem1.ngc>.
Loading core <mem1> for timing and area information for instance <memoria>.

=========================================================================
Advanced HDL Synthesis Report

Macro Statistics
# FSMs                                                 : 1
# Adders/Subtractors                                   : 1
 8-bit addsub                                          : 1
# Counters                                             : 1
 8-bit up counter                                      : 1
# Registers                                            : 22
 Flip-Flops                                            : 22
# Xors                                                 : 1
 8-bit xor2                                            : 1

=========================================================================

=========================================================================
*                         Low Level Synthesis                           *
=========================================================================
INFO:Xst:2261 - The FF/Latch <saidaAC_7> in Unit <neander> is equivalent to the following FF/Latch, which will be removed : <saidaNZ_1> 

Optimizing unit <neander> ...

Mapping all equations...
Building and optimizing final netlist ...
Found area constraint ratio of 100 (+ 5) on block neander, actual ratio is 7.
FlipFlop saidaRI_0 has been replicated 1 time(s)
FlipFlop saidaRI_3 has been replicated 1 time(s)

Final Macro Processing ...

=========================================================================
Final Register Report

Macro Statistics
# Registers                                            : 39
 Flip-Flops                                            : 39

=========================================================================

=========================================================================
*                           Partition Report                            *
=========================================================================

Partition Implementation Status
-------------------------------

  No Partitions were found in this design.

-------------------------------

=========================================================================
*                            Final Report                               *
=========================================================================
Final Results
RTL Top Level Output File Name     : neander.ngr
Top Level Output File Name         : neander
Output Format                      : NGC
Optimization Goal                  : Speed
Keep Hierarchy                     : No

Design Statistics
# IOs                              : 23

Cell Usage :
# BELS                             : 178
#      GND                         : 2
#      INV                         : 2
#      LUT1                        : 7
#      LUT2                        : 9
#      LUT2_D                      : 2
#      LUT2_L                      : 1
#      LUT3                        : 43
#      LUT3_D                      : 3
#      LUT3_L                      : 8
#      LUT4                        : 49
#      LUT4_D                      : 4
#      LUT4_L                      : 7
#      MUXCY                       : 14
#      MUXF5                       : 9
#      VCC                         : 2
#      XORCY                       : 16
# FlipFlops/Latches                : 39
#      FDC                         : 7
#      FDCE                        : 8
#      FDE                         : 23
#      FDP                         : 1
# RAMS                             : 1
#      RAMB16_S36_S36              : 1
# Clock Buffers                    : 1
#      BUFGP                       : 1
# IO Buffers                       : 22
#      IBUF                        : 1
#      OBUF                        : 21
=========================================================================

Device utilization summary:
---------------------------

Selected Device : 3s100evq100-5 

 Number of Slices:                       70  out of    960     7%  
 Number of Slice Flip Flops:             39  out of   1920     2%  
 Number of 4 input LUTs:                135  out of   1920     7%  
 Number of IOs:                          23
 Number of bonded IOBs:                  23  out of     66    34%  
 Number of BRAMs:                         1  out of      4    25%  
 Number of GCLKs:                         1  out of     24     4%  

---------------------------
Partition Resource Summary:
---------------------------

  No Partitions were found in this design.

---------------------------


=========================================================================
TIMING REPORT

NOTE: THESE TIMING NUMBERS ARE ONLY A SYNTHESIS ESTIMATE.
      FOR ACCURATE TIMING INFORMATION PLEASE REFER TO THE TRACE REPORT
      GENERATED AFTER PLACE-and-ROUTE.

Clock Information:
------------------
-----------------------------------+------------------------+-------+
Clock Signal                       | Clock buffer(FF name)  | Load  |
-----------------------------------+------------------------+-------+
clk                                | BUFGP                  | 40    |
-----------------------------------+------------------------+-------+

Asynchronous Control Signals Information:
----------------------------------------
-----------------------------------+------------------------+-------+
Control Signal                     | Buffer(FF name)        | Load  |
-----------------------------------+------------------------+-------+
rst                                | IBUF                   | 16    |
-----------------------------------+------------------------+-------+

Timing Summary:
---------------
Speed Grade: -5

   Minimum period: 9.388ns (Maximum Frequency: 106.522MHz)
   Minimum input arrival time before clock: No path found
   Maximum output required time after clock: 6.847ns
   Maximum combinational path delay: No path found

Timing Detail:
--------------
All values displayed in nanoseconds (ns)

=========================================================================
Timing constraint: Default period analysis for Clock 'clk'
  Clock period: 9.388ns (frequency: 106.522MHz)
  Total number of paths / destination ports: 3931 / 96
-------------------------------------------------------------------------
Delay:               9.388ns (Levels of Logic = 8)
  Source:            saidaRI_1 (FF)
  Destination:       saidaNZ_0 (FF)
  Source Clock:      clk rising
  Destination Clock: clk rising

  Data Path: saidaRI_1 to saidaNZ_0
                                Gate     Net
    Cell:in->out      fanout   Delay   Delay  Logical Name (Net Name)
    ----------------------------------------  ------------
     FDE:C->Q             19   0.514   1.074  saidaRI_1 (saidaRI_1)
     LUT3_D:I0->LO         1   0.612   0.130  outHalt11 (N104)
     LUT3:I2->O           20   0.612   0.940  selALU<6>1 (selALU<6>)
     LUT4_L:I3->LO         1   0.612   0.103  saidaALU<0>11_SW0_SW0 (N25)
     LUT4:I3->O           12   0.612   0.847  saidaALU<0>11 (N14)
     LUT3_L:I2->LO         1   0.612   0.103  saidaALU<4>34_SW0 (N271)
     LUT4:I3->O            2   0.612   0.410  saidaALU<4>56 (saidaALU<4>)
     LUT4_L:I2->LO         1   0.612   0.103  nzALU_0_cmp_eq000025_SW0 (N74)
     LUT4:I3->O            1   0.612   0.000  nzALU_0_cmp_eq000026 (nzALU<0>)
     FDE:D                     0.268          saidaNZ_0
    ----------------------------------------
    Total                      9.388ns (5.678ns logic, 3.710ns route)
                                       (60.5% logic, 39.5% route)

=========================================================================
Timing constraint: Default OFFSET OUT AFTER for Clock 'clk'
  Total number of paths / destination ports: 25 / 21
-------------------------------------------------------------------------
Offset:              6.847ns (Levels of Logic = 3)
  Source:            saidaRI_1 (FF)
  Destination:       outHalt (PAD)
  Source Clock:      clk rising

  Data Path: saidaRI_1 to outHalt
                                Gate     Net
    Cell:in->out      fanout   Delay   Delay  Logical Name (Net Name)
    ----------------------------------------  ------------
     FDE:C->Q             19   0.514   1.074  saidaRI_1 (saidaRI_1)
     LUT3_D:I0->O          1   0.612   0.509  outHalt11 (N34)
     LUT3:I0->O            1   0.612   0.357  outHalt2 (outHalt_OBUF)
     OBUF:I->O                 3.169          outHalt_OBUF (outHalt)
    ----------------------------------------
    Total                      6.847ns (4.907ns logic, 1.940ns route)
                                       (71.7% logic, 28.3% route)

=========================================================================


Total REAL time to Xst completion: 10.00 secs
Total CPU time to Xst completion: 9.90 secs
 
--> 

Total memory usage is 4513588 kilobytes

Number of errors   :    0 (   0 filtered)
Number of warnings :    2 (   0 filtered)
Number of infos    :    2 (   0 filtered)

